2026-08-08 14:12:34.594: [INFO] OnDoneLoading sync enabled: 0
2026-08-08 14:19:58.557: [INFO] OnDoneLoading sync enabled: 0
2026-08-08 16:08:05.470: [INFO] CurrentProfilePath: C:\Users\PC NICOL\Desktop\gestion-sistema-facturacion\backend\.metadata\.plugins\org.eclipse.swt\EBWebView\Default
2026-08-08 16:08:05.470: [INFO] Profiles total count: 1
2026-08-08 16:08:05.470: [INFO] Profile: name=Perfil 1 path=C:\Users\PC NICOL\Desktop\gestion-sistema-facturacion\backend\.metadata\.plugins\org.eclipse.swt\EBWebView\Default lastActive=null
2026-08-08 16:08:05.470: [INFO] LastUsedProfileDir: C:\Users\PC NICOL\Desktop\gestion-sistema-facturacion\backend\.metadata\.plugins\org.eclipse.swt\EBWebView\Default
2026-08-08 16:08:05.470: [INFO] OnDoneLoading sync enabled: 0
2026-08-08 16:08:05.470: [INFO] BookmarkModelLoaded, ids_reassigned: 0
2026-08-08 16:08:05.470: [INFO] BookmarksLoadDropped droppedNodes=0
2026-08-08 16:08:05.470: [INFO] BookmarksSnapshot Startup total=0 bar=0 other=0 mobile=0 showBar=0 showBarNTP=1
2026-08-08 16:09:30.067: [INFO] BookmarksSnapshot Shutdown total=0 bar=0 other=0 mobile=0 showBar=0 showBarNTP=1
2026-08-08 19:02:38.617: [INFO] CurrentProfilePath: C:\Users\PC NICOL\Desktop\gestion-sistema-facturacion\backend\.metadata\.plugins\org.eclipse.swt\EBWebView\Default
2026-08-08 19:02:38.617: [INFO] Profiles total count: 1
2026-08-08 19:02:38.617: [INFO] Profile: name=Perfil 1 path=C:\Users\PC NICOL\Desktop\gestion-sistema-facturacion\backend\.metadata\.plugins\org.eclipse.swt\EBWebView\Default lastActive=null
2026-08-08 19:02:38.617: [INFO] LastUsedProfileDir: C:\Users\PC NICOL\Desktop\gestion-sistema-facturacion\backend\.metadata\.plugins\org.eclipse.swt\EBWebView\Default
2026-08-08 19:02:38.617: [INFO] OnDoneLoading sync enabled: 0
2026-08-08 19:02:38.617: [INFO] BookmarkModelLoaded, ids_reassigned: 0
2026-08-08 19:02:38.617: [INFO] BookmarksLoadDropped droppedNodes=0
2026-08-08 19:02:38.617: [INFO] BookmarksSnapshot Startup total=0 bar=0 other=0 mobile=0 showBar=0 showBarNTP=1
2026-08-08 19:02:42.320: [INFO] BookmarksSnapshot Shutdown total=0 bar=0 other=0 mobile=0 showBar=0 showBarNTP=1
2026-08-08 19:07:00.673: [INFO] CurrentProfilePath: C:\Users\PC NICOL\Desktop\gestion-sistema-facturacion\backend\.metadata\.plugins\org.eclipse.swt\EBWebView\Default
2026-08-08 19:07:00.673: [INFO] Profiles total count: 1
2026-08-08 19:07:00.673: [INFO] Profile: name=Perfil 1 path=C:\Users\PC NICOL\Desktop\gestion-sistema-facturacion\backend\.metadata\.plugins\org.eclipse.swt\EBWebView\Default lastActive=null
2026-08-08 19:07:00.673: [INFO] LastUsedProfileDir: C:\Users\PC NICOL\Desktop\gestion-sistema-facturacion\backend\.metadata\.plugins\org.eclipse.swt\EBWebView\Default
2026-08-08 19:07:00.673: [INFO] OnDoneLoading sync enabled: 0
2026-08-08 19:07:00.673: [INFO] BookmarkModelLoaded, ids_reassigned: 0
2026-08-08 19:07:00.673: [INFO] BookmarksLoadDropped droppedNodes=0
2026-08-08 19:07:00.673: [INFO] BookmarksSnapshot Startup total=0 bar=0 other=0 mobile=0 showBar=0 showBarNTP=1
2026-08-08 19:41:07.684: [INFO] BookmarksSnapshot Shutdown total=0 bar=0 other=0 mobile=0 showBar=0 showBarNTP=1
2026-08-09 00:41:49.720: [INFO] OnDoneLoading sync enabled: 0
2026-08-09 05:23:11.210: [INFO] OnDoneLoading sync enabled: 0
